{"time": "2021-06-01T16:29:38.079705Z", "id": "31907-498", "block": "f9a5135821f7cb21cd2346f36abd40f2f54752d94bb00e43534437ae61cc3783", "type": "BUS_EVENT_TYPE_ORACLE_DATA", "oracleData": {"pubKeys": ["0xdeadbeef"], "data": [{"name": "hello", "value":  "world"}], "matchedSpecIds": ["1234567890", "0987654321"], "broadcastAt": 1652696804}}
{"time": "2021-06-01T16:29:38.079705Z", "id": "31907-498", "block": "f9a5135821f7cb21cd2346f36abd40f2f54752d94bb00e43534437ae61cc3783", "type": "BUS_EVENT_TYPE_ORACLE_DATA", "oracleData": {"pubKeys": ["0x00000000"], "data": [{"name": "jane", "value":  "doe"}], "matchedSpecIds": ["0987654321"], "broadcastAt": 1652696805}}
{"time": "2021-06-01T16:29:39.079705Z", "id": "31907-499", "block": "f9a5135821f7cb21cd2346f36abd40f2f54752d94bb00e43534437ae61cc3793", "type": "BUS_EVENT_TYPE_ORACLE_DATA", "oracleData": { "pubKeys": [ "0xcafed00d"], "data": [{"name": "john", "value":  "doe"}], "matchedSpecIds": [], "broadcastAt": 0}}
